============================= test session starts =============================
platform win32 -- Python 3.11.9, pytest-9.1.1, pluggy-1.6.0 -- C:\Users\Priya Dharshini\Downloads\SIGIL_SourceCode\backend\venv\Scripts\python.exe
cachedir: .pytest_cache
rootdir: C:\Users\Priya Dharshini\Downloads\SIGIL_SourceCode\backend
plugins: anyio-4.15.1
collecting ... collected 2 items

tests/test_alerts_close.py::test_senior_can_close_alert FAILED           [ 50%]
tests/test_alerts_close.py::test_analyst_cannot_close_alert FAILED       [100%]

================================== FAILURES ===================================
_________________________ test_senior_can_close_alert _________________________

    def test_senior_can_close_alert():
        # Log in as senior
>       headers = get_auth_headers("senior", "senior123")
                  ^^^^^^^^^^^^^^^^^^^^^^^^^^^^^^^^^^^^^^^

tests\test_alerts_close.py:15: 
_ _ _ _ _ _ _ _ _ _ _ _ _ _ _ _ _ _ _ _ _ _ _ _ _ _ _ _ _ _ _ _ _ _ _ _ _ _ _ _

username = 'senior', password = 'senior123'

    def get_auth_headers(username, password):
        response = client.post("/api/v1/auth/login", data={"username": username, "password": password})
>       assert response.status_code == 200
E       assert 422 == 200
E        +  where 422 = <Response [422 Unprocessable Entity]>.status_code

tests\test_alerts_close.py:9: AssertionError
_______________________ test_analyst_cannot_close_alert _______________________

    def test_analyst_cannot_close_alert():
        # Log in as analyst
>       headers = get_auth_headers("analyst", "analyst123")
                  ^^^^^^^^^^^^^^^^^^^^^^^^^^^^^^^^^^^^^^^^^

tests\test_alerts_close.py:28: 
_ _ _ _ _ _ _ _ _ _ _ _ _ _ _ _ _ _ _ _ _ _ _ _ _ _ _ _ _ _ _ _ _ _ _ _ _ _ _ _

username = 'analyst', password = 'analyst123'

    def get_auth_headers(username, password):
        response = client.post("/api/v1/auth/login", data={"username": username, "password": password})
>       assert response.status_code == 200
E       assert 422 == 200
E        +  where 422 = <Response [422 Unprocessable Entity]>.status_code

tests\test_alerts_close.py:9: AssertionError
============================== warnings summary ===============================
venv\Lib\site-packages\starlette\formparsers.py:12
  C:\Users\Priya Dharshini\Downloads\SIGIL_SourceCode\backend\venv\Lib\site-packages\starlette\formparsers.py:12: PendingDeprecationWarning: Please use `import python_multipart` instead.
    import multipart

venv\Lib\site-packages\starlette\testclient.py:41
  C:\Users\Priya Dharshini\Downloads\SIGIL_SourceCode\backend\venv\Lib\site-packages\starlette\testclient.py:41: DeprecationWarning: The anyio.abc.BlockingPortal alias is deprecated, use anyio.from_thread.BlockingPortal instead.
    [], typing.ContextManager[anyio.abc.BlockingPortal]

venv\Lib\site-packages\pydantic\_internal\_config.py:284
venv\Lib\site-packages\pydantic\_internal\_config.py:284
  C:\Users\Priya Dharshini\Downloads\SIGIL_SourceCode\backend\venv\Lib\site-packages\pydantic\_internal\_config.py:284: PydanticDeprecatedSince20: Support for class-based `config` is deprecated, use ConfigDict instead. Deprecated in Pydantic V2.0 to be removed in V3.0. See Pydantic V2 Migration Guide at https://errors.pydantic.dev/2.7/migration/
    warnings.warn(DEPRECATION_MESSAGE, DeprecationWarning)

-- Docs: https://docs.pytest.org/en/stable/how-to/capture-warnings.html
=========================== short test summary info ===========================
FAILED tests/test_alerts_close.py::test_senior_can_close_alert - assert 422 =...
FAILED tests/test_alerts_close.py::test_analyst_cannot_close_alert - assert 4...
======================== 2 failed, 4 warnings in 3.68s ========================
